src/features/executions/components/order/executor.ts(2,10): error TS2724: '"@/lib/broker"' has no exported member named 'getBrokerCredentials'. Did you mean 'BrokerCredentials'?
src/features/executions/lib/executor-registry.ts(31,3): error TS2418: Type of computed property's value is 'NodeExecutor<CandlesData>', which is not assignable to type 'NodeExecutor'.
  Type 'Record<string, unknown>' is missing the following properties from type 'CandlesData': symbol, securityId, exchangeSegment, interval
src/features/executions/lib/executor-registry.ts(32,3): error TS2418: Type of computed property's value is 'NodeExecutor<IndicatorsData>', which is not assignable to type 'NodeExecutor'.
  Property 'indicators' is missing in type 'Record<string, unknown>' but required in type 'IndicatorsData'.
src/features/executions/lib/executor-registry.ts(33,3): error TS2418: Type of computed property's value is 'NodeExecutor<OrderData>', which is not assignable to type 'NodeExecutor'.
  Type 'Record<string, unknown>' is missing the following properties from type 'OrderData': broker, symbol, securityId, exchangeSegment, and 3 more.
src/lib/backtest/__tests__/executor.test.ts(7,54): error TS2307: Cannot find module 'vitest' or its corresponding type declarations.
src/lib/backtest/__tests__/executor.test.ts(27,54): error TS7006: Parameter 'candles' implicitly has an 'any' type.
src/lib/backtest/__tests__/executor.test.ts(27,63): error TS7006: Parameter 'configs' implicitly has an 'any' type.
src/lib/backtest/__tests__/executor.test.ts(37,52): error TS7006: Parameter 'indicators' implicitly has an 'any' type.
src/lib/backtest/__tests__/executor.test.ts(37,64): error TS7006: Parameter 'expression' implicitly has an 'any' type.
src/lib/backtest/__tests__/metrics.test.ts(7,38): error TS2307: Cannot find module 'vitest' or its corresponding type declarations.
src/lib/backtest/__tests__/simulator.test.ts(7,38): error TS2307: Cannot find module 'vitest' or its corresponding type declarations.
src/lib/broker/__tests__/angel-adapter.test.ts(7,54): error TS2307: Cannot find module 'vitest' or its corresponding type declarations.
src/lib/broker/__tests__/angel-adapter.test.ts(53,17): error TS2345: Argument of type '{ symbol: string; side: "BUY"; quantity: number; orderType: "MARKET"; dryRun: true; }' is not assignable to parameter of type 'OrderRequest & { dryRun?: boolean | undefined; }'.
  Type '{ symbol: string; side: "BUY"; quantity: number; orderType: "MARKET"; dryRun: true; }' is missing the following properties from type 'OrderRequest': securityId, exchangeSegment
src/lib/broker/__tests__/angel-adapter.test.ts(59,20): error TS18046: 'result.raw' is of type 'unknown'.
src/lib/broker/__tests__/angel-adapter.test.ts(60,20): error TS18046: 'result.raw' is of type 'unknown'.
src/lib/broker/__tests__/angel-adapter.test.ts(67,17): error TS2345: Argument of type '{ symbol: string; side: "BUY"; quantity: number; orderType: "MARKET"; dryRun: true; }' is not assignable to parameter of type 'OrderRequest & { dryRun?: boolean | undefined; }'.
  Type '{ symbol: string; side: "BUY"; quantity: number; orderType: "MARKET"; dryRun: true; }' is missing the following properties from type 'OrderRequest': securityId, exchangeSegment
src/lib/broker/__tests__/angel-adapter.test.ts(77,21): error TS2345: Argument of type '{ symbol: string; side: "BUY"; quantity: number; orderType: "MARKET"; }' is not assignable to parameter of type 'OrderRequest & { dryRun?: boolean | undefined; }'.
  Type '{ symbol: string; side: "BUY"; quantity: number; orderType: "MARKET"; }' is missing the following properties from type 'OrderRequest': securityId, exchangeSegment
src/lib/broker/__tests__/angel-adapter.test.ts(86,21): error TS2345: Argument of type '{ symbol: string; side: "BUY"; quantity: number; orderType: "MARKET"; }' is not assignable to parameter of type 'OrderRequest & { dryRun?: boolean | undefined; }'.
  Type '{ symbol: string; side: "BUY"; quantity: number; orderType: "MARKET"; }' is missing the following properties from type 'OrderRequest': securityId, exchangeSegment
src/lib/broker/__tests__/fyers-adapter.test.ts(7,54): error TS2307: Cannot find module 'vitest' or its corresponding type declarations.
src/lib/broker/__tests__/fyers-adapter.test.ts(50,17): error TS2345: Argument of type '{ symbol: string; side: "BUY"; quantity: number; orderType: "MARKET"; dryRun: true; }' is not assignable to parameter of type 'OrderRequest & { dryRun?: boolean | undefined; }'.
  Type '{ symbol: string; side: "BUY"; quantity: number; orderType: "MARKET"; dryRun: true; }' is missing the following properties from type 'OrderRequest': securityId, exchangeSegment
src/lib/broker/__tests__/fyers-adapter.test.ts(56,20): error TS18046: 'result.raw' is of type 'unknown'.
src/lib/broker/__tests__/fyers-adapter.test.ts(63,17): error TS2345: Argument of type '{ symbol: string; side: "BUY"; quantity: number; orderType: "MARKET"; dryRun: true; }' is not assignable to parameter of type 'OrderRequest & { dryRun?: boolean | undefined; }'.
  Type '{ symbol: string; side: "BUY"; quantity: number; orderType: "MARKET"; dryRun: true; }' is missing the following properties from type 'OrderRequest': securityId, exchangeSegment
src/lib/broker/__tests__/fyers-adapter.test.ts(73,21): error TS2345: Argument of type '{ symbol: string; side: "BUY"; quantity: number; orderType: "MARKET"; }' is not assignable to parameter of type 'OrderRequest & { dryRun?: boolean | undefined; }'.
  Type '{ symbol: string; side: "BUY"; quantity: number; orderType: "MARKET"; }' is missing the following properties from type 'OrderRequest': securityId, exchangeSegment
src/lib/broker/__tests__/orders.test.ts(7,65): error TS2307: Cannot find module 'vitest' or its corresponding type declarations.
src/lib/broker/__tests__/orders.test.ts(63,20): error TS18046: 'result.raw' is of type 'unknown'.
src/lib/broker/__tests__/orders.test.ts(81,17): error TS2345: Argument of type 'DhanCredentials' is not assignable to parameter of type 'BrokerCreds'.
  Index signature for type 'string' is missing in type 'DhanCredentials'.
src/lib/broker/__tests__/orders.test.ts(87,20): error TS18046: 'result.raw' is of type 'unknown'.
src/lib/broker/__tests__/orders.test.ts(99,17): error TS2345: Argument of type 'DhanCredentials' is not assignable to parameter of type 'BrokerCreds'.
  Index signature for type 'string' is missing in type 'DhanCredentials'.
src/lib/broker/__tests__/orders.test.ts(119,17): error TS2345: Argument of type 'DhanCredentials' is not assignable to parameter of type 'BrokerCreds'.
  Index signature for type 'string' is missing in type 'DhanCredentials'.
src/lib/broker/__tests__/router.test.ts(7,54): error TS2307: Cannot find module 'vitest' or its corresponding type declarations.
src/lib/broker/__tests__/validate-candles.test.ts(7,38): error TS2307: Cannot find module 'vitest' or its corresponding type declarations.
src/lib/broker/__tests__/validate-candles.test.ts(44,48): error TS2352: Conversion of type '{ securityId: undefined; symbol: string; exchangeSegment: DhanExchangeSegment; interval: CandleInterval; fromTimestamp?: number; toTimestamp?: number; }' to type 'CandleRequest' may be a mistake because neither type sufficiently overlaps with the other. If this was intentional, convert the expression to 'unknown' first.
  Types of property 'securityId' are incompatible.
    Type 'undefined' is not comparable to type 'string'.
src/lib/broker/__tests__/validate-candles.test.ts(49,48): error TS2352: Conversion of type '{ securityId: undefined; symbol: string; exchangeSegment: DhanExchangeSegment; interval: CandleInterval; fromTimestamp?: number; toTimestamp?: number; }' to type 'CandleRequest' may be a mistake because neither type sufficiently overlaps with the other. If this was intentional, convert the expression to 'unknown' first.
  Types of property 'securityId' are incompatible.
    Type 'undefined' is not comparable to type 'string'.
src/lib/broker/__tests__/validate-candles.test.ts(54,48): error TS2352: Conversion of type '{ securityId: undefined; symbol: string; exchangeSegment: DhanExchangeSegment; interval: CandleInterval; fromTimestamp?: number; toTimestamp?: number; }' to type 'CandleRequest' may be a mistake because neither type sufficiently overlaps with the other. If this was intentional, convert the expression to 'unknown' first.
  Types of property 'securityId' are incompatible.
    Type 'undefined' is not comparable to type 'string'.
src/lib/broker/__tests__/validate-candles.test.ts(61,48): error TS2352: Conversion of type '{ exchangeSegment: undefined; symbol: string; securityId: string; interval: CandleInterval; fromTimestamp?: number; toTimestamp?: number; }' to type 'CandleRequest' may be a mistake because neither type sufficiently overlaps with the other. If this was intentional, convert the expression to 'unknown' first.
  Types of property 'exchangeSegment' are incompatible.
    Type 'undefined' is not comparable to type 'DhanExchangeSegment'.
src/lib/broker/__tests__/validate-candles.test.ts(66,48): error TS2352: Conversion of type '{ exchangeSegment: undefined; symbol: string; securityId: string; interval: CandleInterval; fromTimestamp?: number; toTimestamp?: number; }' to type 'CandleRequest' may be a mistake because neither type sufficiently overlaps with the other. If this was intentional, convert the expression to 'unknown' first.
  Types of property 'exchangeSegment' are incompatible.
    Type 'undefined' is not comparable to type 'DhanExchangeSegment'.
src/lib/broker/__tests__/validate-order.test.ts(7,38): error TS2307: Cannot find module 'vitest' or its corresponding type declarations.
src/lib/broker/__tests__/validate-order.test.ts(41,56): error TS2322: Type '"DELIVERY"' is not assignable to type 'ProductType | undefined'.
src/lib/broker/__tests__/validate-order.test.ts(45,56): error TS2322: Type '"DELIVERY"' is not assignable to type 'ProductType | undefined'.
src/lib/broker/__tests__/validate-order.test.ts(52,40): error TS2352: Conversion of type '{ securityId: undefined; symbol: string; exchangeSegment: DhanExchangeSegment; side: OrderSide; quantity: number; orderType: OrderType; price?: number; productType?: ProductType; triggerPrice?: number; }' to type 'OrderRequest' may be a mistake because neither type sufficiently overlaps with the other. If this was intentional, convert the expression to 'unknown' first.
  Types of property 'securityId' are incompatible.
    Type 'undefined' is not comparable to type 'string'.
src/lib/broker/__tests__/validate-order.test.ts(57,40): error TS2352: Conversion of type '{ securityId: undefined; symbol: string; exchangeSegment: DhanExchangeSegment; side: OrderSide; quantity: number; orderType: OrderType; price?: number; productType?: ProductType; triggerPrice?: number; }' to type 'OrderRequest' may be a mistake because neither type sufficiently overlaps with the other. If this was intentional, convert the expression to 'unknown' first.
  Types of property 'securityId' are incompatible.
    Type 'undefined' is not comparable to type 'string'.
src/lib/broker/__tests__/validate-order.test.ts(62,40): error TS2352: Conversion of type '{ securityId: undefined; symbol: string; exchangeSegment: DhanExchangeSegment; side: OrderSide; quantity: number; orderType: OrderType; price?: number; productType?: ProductType; triggerPrice?: number; }' to type 'OrderRequest' may be a mistake because neither type sufficiently overlaps with the other. If this was intentional, convert the expression to 'unknown' first.
  Types of property 'securityId' are incompatible.
    Type 'undefined' is not comparable to type 'string'.
src/lib/broker/__tests__/validate-order.test.ts(69,40): error TS2352: Conversion of type '{ exchangeSegment: undefined; symbol: string; securityId: string; side: OrderSide; quantity: number; orderType: OrderType; price?: number; productType?: ProductType; triggerPrice?: number; }' to type 'OrderRequest' may be a mistake because neither type sufficiently overlaps with the other. If this was intentional, convert the expression to 'unknown' first.
  Types of property 'exchangeSegment' are incompatible.
    Type 'undefined' is not comparable to type 'DhanExchangeSegment'.
src/lib/broker/__tests__/validate-order.test.ts(74,40): error TS2352: Conversion of type '{ exchangeSegment: undefined; symbol: string; securityId: string; side: OrderSide; quantity: number; orderType: OrderType; price?: number; productType?: ProductType; triggerPrice?: number; }' to type 'OrderRequest' may be a mistake because neither type sufficiently overlaps with the other. If this was intentional, convert the expression to 'unknown' first.
  Types of property 'exchangeSegment' are incompatible.
    Type 'undefined' is not comparable to type 'DhanExchangeSegment'.
